Command line invocation:
    /Applications/Xcode.app/Contents/Developer/usr/bin/xcodebuild -project Levain.xcodeproj -scheme Levain -derivedDataPath /tmp/LevainDerived -destination "platform=iOS Simulator,name=iPhone 17 Pro" test "-only-testing:LevainTests/RecipeFormulaTests"

ComputePackagePrebuildTargetDependencyGraph

Prepare packages

CreateBuildRequest

SendProjectDescription

CreateBuildOperation

ComputeTargetDependencyGraph
note: Building targets in dependency order
note: Target dependency graph (3 targets)
    Target 'LevainUITests' in project 'Levain'
        ➜ Explicit dependency on target 'Levain' in project 'Levain'
    Target 'LevainTests' in project 'Levain'
        ➜ Explicit dependency on target 'Levain' in project 'Levain'
    Target 'Levain' in project 'Levain' (no dependencies)

GatherProvisioningInputs

CreateBuildDescription

ExecuteExternalTool /Applications/Xcode.app/Contents/Developer/Toolchains/XcodeDefault.xctoolchain/usr/bin/clang -v -E -dM -isysroot /Applications/Xcode.app/Contents/Developer/Platforms/iPhoneSimulator.platform/Developer/SDKs/iPhoneSimulator26.2.sdk -x c -c /dev/null

ExecuteExternalTool /Applications/Xcode.app/Contents/Developer/Toolchains/XcodeDefault.xctoolchain/usr/bin/swiftc --version

ExecuteExternalTool /Applications/Xcode.app/Contents/Developer/Toolchains/XcodeDefault.xctoolchain/usr/bin/ld -version_details

Build description signature: 4b43644e9da991d9886b03b81ff69053
Build description path: /tmp/LevainDerived/Build/Intermediates.noindex/XCBuildData/4b43644e9da991d9886b03b81ff69053.xcbuilddata
ClangStatCache /Applications/Xcode.app/Contents/Developer/Toolchains/XcodeDefault.xctoolchain/usr/bin/clang-stat-cache /Applications/Xcode.app/Contents/Developer/Platforms/iPhoneSimulator.platform/Developer/SDKs/iPhoneSimulator26.2.sdk /tmp/LevainDerived/SDKStatCaches.noindex/iphonesimulator26.2-23C57-7d00a8b37fbd7999ea79df8ebc024bf0.sdkstatcache
    cd /Users/lorentso/lievito-app/Levain.xcodeproj
    /Applications/Xcode.app/Contents/Developer/Toolchains/XcodeDefault.xctoolchain/usr/bin/clang-stat-cache /Applications/Xcode.app/Contents/Developer/Platforms/iPhoneSimulator.platform/Developer/SDKs/iPhoneSimulator26.2.sdk -o /tmp/LevainDerived/SDKStatCaches.noindex/iphonesimulator26.2-23C57-7d00a8b37fbd7999ea79df8ebc024bf0.sdkstatcache

ProcessProductPackaging "" /tmp/LevainDerived/Build/Intermediates.noindex/Levain.build/Debug-iphonesimulator/Levain.build/Levain.app-Simulated.xcent (in target 'Levain' from project 'Levain')
    cd /Users/lorentso/lievito-app
    
    Entitlements:
    
    {
    "application-identifier" = "C974BPN56D.com.lorentso.levain";
}
    
    builtin-productPackagingUtility -entitlements -format xml -o /tmp/LevainDerived/Build/Intermediates.noindex/Levain.build/Debug-iphonesimulator/Levain.build/Levain.app-Simulated.xcent

ProcessProductPackagingDER /tmp/LevainDerived/Build/Intermediates.noindex/Levain.build/Debug-iphonesimulator/Levain.build/Levain.app-Simulated.xcent /tmp/LevainDerived/Build/Intermediates.noindex/Levain.build/Debug-iphonesimulator/Levain.build/Levain.app-Simulated.xcent.der (in target 'Levain' from project 'Levain')
    cd /Users/lorentso/lievito-app
    /usr/bin/derq query -f xml -i /tmp/LevainDerived/Build/Intermediates.noindex/Levain.build/Debug-iphonesimulator/Levain.build/Levain.app-Simulated.xcent -o /tmp/LevainDerived/Build/Intermediates.noindex/Levain.build/Debug-iphonesimulator/Levain.build/Levain.app-Simulated.xcent.der --raw

ProcessInfoPlistFile /tmp/LevainDerived/Build/Products/Debug-iphonesimulator/Levain.app/Info.plist /tmp/LevainDerived/Build/Intermediates.noindex/Levain.build/Debug-iphonesimulator/Levain.build/empty-Levain.plist (in target 'Levain' from project 'Levain')
    cd /Users/lorentso/lievito-app
    builtin-infoPlistUtility /tmp/LevainDerived/Build/Intermediates.noindex/Levain.build/Debug-iphonesimulator/Levain.build/empty-Levain.plist -producttype com.apple.product-type.application -genpkginfo /tmp/LevainDerived/Build/Products/Debug-iphonesimulator/Levain.app/PkgInfo -expandbuildsettings -format binary -platform iphonesimulator -o /tmp/LevainDerived/Build/Products/Debug-iphonesimulator/Levain.app/Info.plist

SwiftDriver LevainTests normal arm64 com.apple.xcode.tools.swift.compiler (in target 'LevainTests' from project 'Levain')
    cd /Users/lorentso/lievito-app
    builtin-SwiftDriver -- /Applications/Xcode.app/Contents/Developer/Toolchains/XcodeDefault.xctoolchain/usr/bin/swiftc -module-name LevainTests -Onone -enforce-exclusivity\=checked @/tmp/LevainDerived/Build/Intermediates.noindex/Levain.build/Debug-iphonesimulator/LevainTests.build/Objects-normal/arm64/LevainTests.SwiftFileList -DDEBUG -plugin-path /Applications/Xcode.app/Contents/Developer/Toolchains/XcodeDefault.xctoolchain/usr/lib/swift/host/plugins/testing -enable-experimental-feature DebugDescriptionMacro -sdk /Applications/Xcode.app/Contents/Developer/Platforms/iPhoneSimulator.platform/Developer/SDKs/iPhoneSimulator26.2.sdk -target arm64-apple-ios26.0-simulator -g -module-cache-path /tmp/LevainDerived/ModuleCache.noindex -Xfrontend -serialize-debugging-options -enable-testing -index-store-path /tmp/LevainDerived/Index.noindex/DataStore -Xcc -D_LIBCPP_HARDENING_MODE\=_LIBCPP_HARDENING_MODE_DEBUG -swift-version 6 -I /tmp/LevainDerived/Build/Products/Debug-iphonesimulator -Isystem /Applications/Xcode.app/Contents/Developer/Platforms/iPhoneSimulator.platform/Developer/usr/lib -F /tmp/LevainDerived/Build/Products/Debug-iphonesimulator -F /Applications/Xcode.app/Contents/Developer/Platforms/iPhoneSimulator.platform/Developer/Library/Frameworks -F /Applications/Xcode.app/Contents/Developer/Platforms/iPhoneSimulator.platform/Developer/SDKs/iPhoneSimulator26.2.sdk/Developer/Library/Frameworks -c -j14 -enable-batch-mode -incremental -Xcc -ivfsstatcache -Xcc /tmp/LevainDerived/SDKStatCaches.noindex/iphonesimulator26.2-23C57-7d00a8b37fbd7999ea79df8ebc024bf0.sdkstatcache -output-file-map /tmp/LevainDerived/Build/Intermediates.noindex/Levain.build/Debug-iphonesimulator/LevainTests.build/Objects-normal/arm64/LevainTests-OutputFileMap.json -use-frontend-parseable-output -save-temps -no-color-diagnostics -explicit-module-build -module-cache-path /tmp/LevainDerived/Build/Intermediates.noindex/SwiftExplicitPrecompiledModules -clang-scanner-module-cache-path /tmp/LevainDerived/ModuleCache.noindex -sdk-module-cache-path /tmp/LevainDerived/ModuleCache.noindex -serialize-diagnostics -emit-dependencies -emit-module -emit-module-path /tmp/LevainDerived/Build/Intermediates.noindex/Levain.build/Debug-iphonesimulator/LevainTests.build/Objects-normal/arm64/LevainTests.swiftmodule -validate-clang-modules-once -clang-build-session-file /tmp/LevainDerived/ModuleCache.noindex/Session.modulevalidation -Xcc -I/tmp/LevainDerived/Build/Intermediates.noindex/Levain.build/Debug-iphonesimulator/LevainTests.build/swift-overrides.hmap -emit-const-values -Xfrontend -const-gather-protocols-file -Xfrontend /tmp/LevainDerived/Build/Intermediates.noindex/Levain.build/Debug-iphonesimulator/LevainTests.build/Objects-normal/arm64/LevainTests_const_extract_protocols.json -Xcc -iquote -Xcc /tmp/LevainDerived/Build/Intermediates.noindex/Levain.build/Debug-iphonesimulator/LevainTests.build/LevainTests-generated-files.hmap -Xcc -I/tmp/LevainDerived/Build/Intermediates.noindex/Levain.build/Debug-iphonesimulator/LevainTests.build/LevainTests-own-target-headers.hmap -Xcc -I/tmp/LevainDerived/Build/Intermediates.noindex/Levain.build/Debug-iphonesimulator/LevainTests.build/LevainTests-all-target-headers.hmap -Xcc -iquote -Xcc /tmp/LevainDerived/Build/Intermediates.noindex/Levain.build/Debug-iphonesimulator/LevainTests.build/LevainTests-project-headers.hmap -Xcc -I/tmp/LevainDerived/Build/Products/Debug-iphonesimulator/include -Xcc -I/tmp/LevainDerived/Build/Intermediates.noindex/Levain.build/Debug-iphonesimulator/LevainTests.build/DerivedSources-normal/arm64 -Xcc -I/tmp/LevainDerived/Build/Intermediates.noindex/Levain.build/Debug-iphonesimulator/LevainTests.build/DerivedSources/arm64 -Xcc -I/tmp/LevainDerived/Build/Intermediates.noindex/Levain.build/Debug-iphonesimulator/LevainTests.build/DerivedSources -Xcc -DDEBUG\=1 -emit-objc-header -emit-objc-header-path /tmp/LevainDerived/Build/Intermediates.noindex/Levain.build/Debug-iphonesimulator/LevainTests.build/Objects-normal/arm64/LevainTests-Swift.h -working-directory /Users/lorentso/lievito-app -experimental-emit-module-separately -disable-cmo

SwiftDriver Levain normal arm64 com.apple.xcode.tools.swift.compiler (in target 'Levain' from project 'Levain')
    cd /Users/lorentso/lievito-app
    builtin-SwiftDriver -- /Applications/Xcode.app/Contents/Developer/Toolchains/XcodeDefault.xctoolchain/usr/bin/swiftc -module-name Levain -Onone -enforce-exclusivity\=checked @/tmp/LevainDerived/Build/Intermediates.noindex/Levain.build/Debug-iphonesimulator/Levain.build/Objects-normal/arm64/Levain.SwiftFileList -DDEBUG -enable-experimental-feature DebugDescriptionMacro -sdk /Applications/Xcode.app/Contents/Developer/Platforms/iPhoneSimulator.platform/Developer/SDKs/iPhoneSimulator26.2.sdk -target arm64-apple-ios26.0-simulator -g -module-cache-path /tmp/LevainDerived/ModuleCache.noindex -Xfrontend -serialize-debugging-options -enable-testing -index-store-path /tmp/LevainDerived/Index.noindex/DataStore -Xcc -D_LIBCPP_HARDENING_MODE\=_LIBCPP_HARDENING_MODE_DEBUG -swift-version 6 -I /tmp/LevainDerived/Build/Products/Debug-iphonesimulator -F /tmp/LevainDerived/Build/Products/Debug-iphonesimulator -c -j14 -enable-batch-mode -incremental -Xcc -ivfsstatcache -Xcc /tmp/LevainDerived/SDKStatCaches.noindex/iphonesimulator26.2-23C57-7d00a8b37fbd7999ea79df8ebc024bf0.sdkstatcache -output-file-map /tmp/LevainDerived/Build/Intermediates.noindex/Levain.build/Debug-iphonesimulator/Levain.build/Objects-normal/arm64/Levain-OutputFileMap.json -use-frontend-parseable-output -save-temps -no-color-diagnostics -explicit-module-build -module-cache-path /tmp/LevainDerived/Build/Intermediates.noindex/SwiftExplicitPrecompiledModules -clang-scanner-module-cache-path /tmp/LevainDerived/ModuleCache.noindex -sdk-module-cache-path /tmp/LevainDerived/ModuleCache.noindex -serialize-diagnostics -emit-dependencies -emit-module -emit-module-path /tmp/LevainDerived/Build/Intermediates.noindex/Levain.build/Debug-iphonesimulator/Levain.build/Objects-normal/arm64/Levain.swiftmodule -validate-clang-modules-once -clang-build-session-file /tmp/LevainDerived/ModuleCache.noindex/Session.modulevalidation -Xcc -I/tmp/LevainDerived/Build/Intermediates.noindex/Levain.build/Debug-iphonesimulator/Levain.build/swift-overrides.hmap -emit-const-values -Xfrontend -const-gather-protocols-file -Xfrontend /tmp/LevainDerived/Build/Intermediates.noindex/Levain.build/Debug-iphonesimulator/Levain.build/Objects-normal/arm64/Levain_const_extract_protocols.json -Xcc -iquote -Xcc /tmp/LevainDerived/Build/Intermediates.noindex/Levain.build/Debug-iphonesimulator/Levain.build/Levain-generated-files.hmap -Xcc -I/tmp/LevainDerived/Build/Intermediates.noindex/Levain.build/Debug-iphonesimulator/Levain.build/Levain-own-target-headers.hmap -Xcc -I/tmp/LevainDerived/Build/Intermediates.noindex/Levain.build/Debug-iphonesimulator/Levain.build/Levain-all-target-headers.hmap -Xcc -iquote -Xcc /tmp/LevainDerived/Build/Intermediates.noindex/Levain.build/Debug-iphonesimulator/Levain.build/Levain-project-headers.hmap -Xcc -I/tmp/LevainDerived/Build/Products/Debug-iphonesimulator/include -Xcc -I/tmp/LevainDerived/Build/Intermediates.noindex/Levain.build/Debug-iphonesimulator/Levain.build/DerivedSources-normal/arm64 -Xcc -I/tmp/LevainDerived/Build/Intermediates.noindex/Levain.build/Debug-iphonesimulator/Levain.build/DerivedSources/arm64 -Xcc -I/tmp/LevainDerived/Build/Intermediates.noindex/Levain.build/Debug-iphonesimulator/Levain.build/DerivedSources -Xcc -DDEBUG\=1 -emit-objc-header -emit-objc-header-path /tmp/LevainDerived/Build/Intermediates.noindex/Levain.build/Debug-iphonesimulator/Levain.build/Objects-normal/arm64/Levain-Swift.h -working-directory /Users/lorentso/lievito-app -experimental-emit-module-separately -disable-cmo

ProcessProductPackaging "" /tmp/LevainDerived/Build/Intermediates.noindex/Levain.build/Debug-iphonesimulator/LevainUITests.build/LevainUITests.xctest-Simulated.xcent (in target 'LevainUITests' from project 'Levain')
    cd /Users/lorentso/lievito-app
    
    Entitlements:
    
    {
    "application-identifier" = "C974BPN56D.com.lorentso.levain.uitests.xctrunner";
    "keychain-access-groups" =     (
        "C974BPN56D.com.lorentso.levain.uitests.xctrunner"
    );
}
    
    builtin-productPackagingUtility -entitlements -format xml -o /tmp/LevainDerived/Build/Intermediates.noindex/Levain.build/Debug-iphonesimulator/LevainUITests.build/LevainUITests.xctest-Simulated.xcent

ProcessProductPackagingDER /tmp/LevainDerived/Build/Intermediates.noindex/Levain.build/Debug-iphonesimulator/LevainUITests.build/LevainUITests.xctest-Simulated.xcent /tmp/LevainDerived/Build/Intermediates.noindex/Levain.build/Debug-iphonesimulator/LevainUITests.build/LevainUITests.xctest-Simulated.xcent.der (in target 'LevainUITests' from project 'Levain')
    cd /Users/lorentso/lievito-app
    /usr/bin/derq query -f xml -i /tmp/LevainDerived/Build/Intermediates.noindex/Levain.build/Debug-iphonesimulator/LevainUITests.build/LevainUITests.xctest-Simulated.xcent -o /tmp/LevainDerived/Build/Intermediates.noindex/Levain.build/Debug-iphonesimulator/LevainUITests.build/LevainUITests.xctest-Simulated.xcent.der --raw

SwiftCompile normal arm64 Compiling\ BakeSchedulerTests.swift /Users/lorentso/lievito-app/LevainTests/BakeSchedulerTests.swift (in target 'LevainTests' from project 'Levain')

SwiftCompile normal arm64 /Users/lorentso/lievito-app/LevainTests/BakeSchedulerTests.swift (in target 'LevainTests' from project 'Levain')
    cd /Users/lorentso/lievito-app
    

SwiftEmitModule normal arm64 Emitting\ module\ for\ LevainTests (in target 'LevainTests' from project 'Levain')

EmitSwiftModule normal arm64 (in target 'LevainTests' from project 'Levain')
    cd /Users/lorentso/lievito-app
    

SwiftCompile normal arm64 Compiling\ RecipeFormulaTests.swift /Users/lorentso/lievito-app/LevainTests/RecipeFormulaTests.swift (in target 'LevainTests' from project 'Levain')
Failed frontend command:
/Applications/Xcode.app/Contents/Developer/Toolchains/XcodeDefault.xctoolchain/usr/bin/swift-frontend -frontend -c /Users/lorentso/lievito-app/LevainTests/BakeSchedulerTests.swift /Users/lorentso/lievito-app/LevainTests/TestSupport/DomainFixtures.swift -primary-file /Users/lorentso/lievito-app/LevainTests/RecipeFormulaTests.swift -emit-dependencies-path /tmp/LevainDerived/Build/Intermediates.noindex/Levain.build/Debug-iphonesimulator/LevainTests.build/Objects-normal/arm64/RecipeFormulaTests.d -emit-const-values-path /tmp/LevainDerived/Build/Intermediates.noindex/Levain.build/Debug-iphonesimulator/LevainTests.build/Objects-normal/arm64/RecipeFormulaTests.swiftconstvalues -emit-reference-dependencies-path /tmp/LevainDerived/Build/Intermediates.noindex/Levain.build/Debug-iphonesimulator/LevainTests.build/Objects-normal/arm64/RecipeFormulaTests.swiftdeps -serialize-diagnostics-path /tmp/LevainDerived/Build/Intermediates.noindex/Levain.build/Debug-iphonesimulator/LevainTests.build/Objects-normal/arm64/RecipeFormulaTests.dia -target arm64-apple-ios26.0-simulator -load-resolved-plugin /Applications/Xcode.app/Contents/Developer/Platforms/iPhoneOS.platform/Developer/usr/lib/swift/host/plugins/libFoundationMacros.dylib\#/Applications/Xcode.app/Contents/Developer/Platforms/iPhoneOS.platform/Developer/usr/bin/swift-plugin-server\#FoundationMacros -load-resolved-plugin /Applications/Xcode.app/Contents/Developer/Platforms/iPhoneOS.platform/Developer/usr/lib/swift/host/plugins/libObservationMacros.dylib\#/Applications/Xcode.app/Contents/Developer/Platforms/iPhoneOS.platform/Developer/usr/bin/swift-plugin-server\#ObservationMacros -load-resolved-plugin /Applications/Xcode.app/Contents/Developer/Platforms/iPhoneOS.platform/Developer/usr/lib/swift/host/plugins/libPreviewsMacros.dylib\#/Applications/Xcode.app/Contents/Developer/Platforms/iPhoneOS.platform/Developer/usr/bin/swift-plugin-server\#PreviewsMacros -load-resolved-plugin /Applications/Xcode.app/Contents/Developer/Platforms/iPhoneOS.platform/Developer/usr/lib/swift/host/plugins/libSwiftDataMacros.dylib\#/Applications/Xcode.app/Contents/Developer/Platforms/iPhoneOS.platform/Developer/usr/bin/swift-plugin-server\#SwiftDataMacros -load-resolved-plugin /Applications/Xcode.app/Contents/Developer/Platforms/iPhoneOS.platform/Developer/usr/lib/swift/host/plugins/libSwiftMacros.dylib\#/Applications/Xcode.app/Contents/Developer/Platforms/iPhoneOS.platform/Developer/usr/bin/swift-plugin-server\#SwiftMacros -load-resolved-plugin /Applications/Xcode.app/Contents/Developer/Platforms/iPhoneOS.platform/Developer/usr/lib/swift/host/plugins/libSwiftUIMacros.dylib\#/Applications/Xcode.app/Contents/Developer/Platforms/iPhoneOS.platform/Developer/usr/bin/swift-plugin-server\#SwiftUIMacros -disable-implicit-swift-modules -Xcc -fno-implicit-modules -Xcc -fno-implicit-module-maps -explicit-swift-module-map-file /tmp/LevainDerived/Build/Intermediates.noindex/Levain.build/Debug-iphonesimulator/LevainTests.build/Objects-normal/arm64/LevainTests-dependencies-1.json -Xllvm -aarch64-use-tbi -enable-objc-interop -sdk /Applications/Xcode.app/Contents/Developer/Platforms/iPhoneSimulator.platform/Developer/SDKs/iPhoneSimulator26.2.sdk -I /tmp/LevainDerived/Build/Products/Debug-iphonesimulator -Isystem /Applications/Xcode.app/Contents/Developer/Platforms/iPhoneSimulator.platform/Developer/usr/lib -F /tmp/LevainDerived/Build/Products/Debug-iphonesimulator -F /Applications/Xcode.app/Contents/Developer/Platforms/iPhoneSimulator.platform/Developer/Library/Frameworks -F /Applications/Xcode.app/Contents/Developer/Platforms/iPhoneSimulator.platform/Developer/SDKs/iPhoneSimulator26.2.sdk/Developer/Library/Frameworks -no-color-diagnostics -Xcc -fno-color-diagnostics -enable-testing -g -debug-info-format\=dwarf -dwarf-version\=5 -module-cache-path /tmp/LevainDerived/Build/Intermediates.noindex/SwiftExplicitPrecompiledModules -swift-version 6 -enforce-exclusivity\=checked -Onone -D DEBUG -serialize-debugging-options -const-gather-protocols-file /tmp/LevainDerived/Build/Intermediates.noindex/Levain.build/Debug-iphonesimulator/LevainTests.build/Objects-normal/arm64/LevainTests_const_extract_protocols.json -enable-experimental-feature DebugDescriptionMacro -empty-abi-descriptor -validate-clang-modules-once -clang-build-session-file /tmp/LevainDerived/ModuleCache.noindex/Session.modulevalidation -Xcc -working-directory -Xcc /Users/lorentso/lievito-app -enable-anonymous-context-mangled-names -file-compilation-dir /Users/lorentso/lievito-app -Xcc -D_LIBCPP_HARDENING_MODE\=_LIBCPP_HARDENING_MODE_DEBUG -Xcc -ivfsstatcache -Xcc /tmp/LevainDerived/SDKStatCaches.noindex/iphonesimulator26.2-23C57-7d00a8b37fbd7999ea79df8ebc024bf0.sdkstatcache -Xcc -I/tmp/LevainDerived/Build/Intermediates.noindex/Levain.build/Debug-iphonesimulator/LevainTests.build/swift-overrides.hmap -Xcc -iquote -Xcc /tmp/LevainDerived/Build/Intermediates.noindex/Levain.build/Debug-iphonesimulator/LevainTests.build/LevainTests-generated-files.hmap -Xcc -I/tmp/LevainDerived/Build/Intermediates.noindex/Levain.build/Debug-iphonesimulator/LevainTests.build/LevainTests-own-target-headers.hmap -Xcc -I/tmp/LevainDerived/Build/Intermediates.noindex/Levain.build/Debug-iphonesimulator/LevainTests.build/LevainTests-all-target-headers.hmap -Xcc -iquote -Xcc /tmp/LevainDerived/Build/Intermediates.noindex/Levain.build/Debug-iphonesimulator/LevainTests.build/LevainTests-project-headers.hmap -Xcc -I/tmp/LevainDerived/Build/Products/Debug-iphonesimulator/include -Xcc -I/tmp/LevainDerived/Build/Intermediates.noindex/Levain.build/Debug-iphonesimulator/LevainTests.build/DerivedSources-normal/arm64 -Xcc -I/tmp/LevainDerived/Build/Intermediates.noindex/Levain.build/Debug-iphonesimulator/LevainTests.build/DerivedSources/arm64 -Xcc -I/tmp/LevainDerived/Build/Intermediates.noindex/Levain.build/Debug-iphonesimulator/LevainTests.build/DerivedSources -Xcc -DDEBUG\=1 -no-auto-bridging-header-chaining -module-name LevainTests -frontend-parseable-output -disable-clang-spi -target-sdk-version 26.2 -target-sdk-name iphonesimulator26.2 -clang-target arm64-apple-ios26.2-simulator -in-process-plugin-server-path /Applications/Xcode.app/Contents/Developer/Toolchains/XcodeDefault.xctoolchain/usr/lib/swift/host/libSwiftInProcPluginServer.dylib -o /tmp/LevainDerived/Build/Intermediates.noindex/Levain.build/Debug-iphonesimulator/LevainTests.build/Objects-normal/arm64/RecipeFormulaTests.o -index-unit-output-path /Levain.build/Debug-iphonesimulator/LevainTests.build/Objects-normal/arm64/RecipeFormulaTests.o -index-store-path /tmp/LevainDerived/Index.noindex/DataStore -index-system-modules

SwiftCompile normal arm64 /Users/lorentso/lievito-app/LevainTests/RecipeFormulaTests.swift (in target 'LevainTests' from project 'Levain')
    cd /Users/lorentso/lievito-app
    
/Users/lorentso/lievito-app/LevainTests/RecipeFormulaTests.swift:50:44: error: type 'BakeStepType' has no member 'autolyse'
                FormulaStepTemplate(type: .autolyse, name: "Autolisi", durationMinutes: 60)
                                          ~^~~~~~~~

SwiftCompile normal arm64 Compiling\ BakesView.swift /Users/lorentso/lievito-app/Levain/Features/Bakes/BakesView.swift (in target 'Levain' from project 'Levain')
SwiftCompile normal arm64 /Users/lorentso/lievito-app/Levain/Features/Bakes/BakesView.swift (in target 'Levain' from project 'Levain')
    cd /Users/lorentso/lievito-app
    

SwiftEmitModule normal arm64 Emitting\ module\ for\ Levain (in target 'Levain' from project 'Levain')

EmitSwiftModule normal arm64 (in target 'Levain' from project 'Levain')
    cd /Users/lorentso/lievito-app
    

SwiftCompile normal arm64 Compiling\ RootTabView.swift /Users/lorentso/lievito-app/Levain/Features/Shared/RootTabView.swift (in target 'Levain' from project 'Levain')

SwiftCompile normal arm64 /Users/lorentso/lievito-app/Levain/Features/Shared/RootTabView.swift (in target 'Levain' from project 'Levain')
    cd /Users/lorentso/lievito-app
    


Test session results, code coverage, and logs:
	/tmp/LevainDerived/Logs/Test/Test-Levain-2026.03.10_18-44-25-+0100.xcresult

Testing failed:
	Type 'BakeStepType' has no member 'autolyse'
	Testing cancelled because the build failed.

** TEST FAILED **


The following build commands failed:
	SwiftCompile normal arm64 Compiling\ RecipeFormulaTests.swift /Users/lorentso/lievito-app/LevainTests/RecipeFormulaTests.swift (in target 'LevainTests' from project 'Levain')
	SwiftCompile normal arm64 /Users/lorentso/lievito-app/LevainTests/RecipeFormulaTests.swift (in target 'LevainTests' from project 'Levain')
	Testing project Levain with scheme Levain
(3 failures)
